2026-08-31 16:04:39 [main] INFO  c.a.ApigatewayServiceApplication - Starting ApigatewayServiceApplication using Java 21.0.1 with PID 14508 (D:\microservices\microservice-learning\apigateway-service\target\classes started by DINESH in D:\microservices\microservice-learning)
2026-08-31 16:04:39 [main] INFO  c.a.ApigatewayServiceApplication - No active profile set, falling back to 1 default profile: "default"
2026-08-31 16:04:39 [main] INFO  o.s.c.c.c.ConfigServerConfigDataLoader - Fetching config from server at : http://localhost:8888
2026-08-31 16:04:39 [main] INFO  o.s.c.c.c.ConfigServerConfigDataLoader - Located environment: name=apigateway-service, profiles=[default], label=null, version=2ee27d315fb4517b913c1150d76c2d54b811e5ad, state=
2026-08-31 16:04:40 [main] INFO  o.s.cloud.context.scope.GenericScope - BeanFactory id=7c2f65e7-0810-35b4-b7f3-a70e105d7f55
2026-08-31 16:04:41 [main] WARN  o.h.v.i.m.a.CascadingMetaDataBuilder - HV000271: Using `@Valid` on a container (java.util.List) is deprecated. You should apply the annotation on the type argument(s). Affected element: routes
2026-08-31 16:04:41 [main] WARN  o.h.v.i.m.a.CascadingMetaDataBuilder - HV000271: Using `@Valid` on a container (java.util.List) is deprecated. You should apply the annotation on the type argument(s). Affected element: predicates
2026-08-31 16:04:41 [main] WARN  o.h.v.i.m.a.CascadingMetaDataBuilder - HV000271: Using `@Valid` on a container (java.util.List) is deprecated. You should apply the annotation on the type argument(s). Affected element: filters
2026-08-31 16:04:42 [main] INFO  o.s.c.g.r.RouteDefinitionRouteLocator - Loaded RoutePredicateFactory [After]
2026-08-31 16:04:42 [main] INFO  o.s.c.g.r.RouteDefinitionRouteLocator - Loaded RoutePredicateFactory [Before]
2026-08-31 16:04:42 [main] INFO  o.s.c.g.r.RouteDefinitionRouteLocator - Loaded RoutePredicateFactory [Between]
2026-08-31 16:04:42 [main] INFO  o.s.c.g.r.RouteDefinitionRouteLocator - Loaded RoutePredicateFactory [Cookie]
2026-08-31 16:04:42 [main] INFO  o.s.c.g.r.RouteDefinitionRouteLocator - Loaded RoutePredicateFactory [Header]
2026-08-31 16:04:42 [main] INFO  o.s.c.g.r.RouteDefinitionRouteLocator - Loaded RoutePredicateFactory [Host]
2026-08-31 16:04:42 [main] INFO  o.s.c.g.r.RouteDefinitionRouteLocator - Loaded RoutePredicateFactory [Method]
2026-08-31 16:04:42 [main] INFO  o.s.c.g.r.RouteDefinitionRouteLocator - Loaded RoutePredicateFactory [Path]
2026-08-31 16:04:42 [main] INFO  o.s.c.g.r.RouteDefinitionRouteLocator - Loaded RoutePredicateFactory [Query]
2026-08-31 16:04:42 [main] INFO  o.s.c.g.r.RouteDefinitionRouteLocator - Loaded RoutePredicateFactory [ReadBody]
2026-08-31 16:04:42 [main] INFO  o.s.c.g.r.RouteDefinitionRouteLocator - Loaded RoutePredicateFactory [RemoteAddr]
2026-08-31 16:04:42 [main] INFO  o.s.c.g.r.RouteDefinitionRouteLocator - Loaded RoutePredicateFactory [Version]
2026-08-31 16:04:42 [main] INFO  o.s.c.g.r.RouteDefinitionRouteLocator - Loaded RoutePredicateFactory [XForwardedRemoteAddr]
2026-08-31 16:04:42 [main] INFO  o.s.c.g.r.RouteDefinitionRouteLocator - Loaded RoutePredicateFactory [Weight]
2026-08-31 16:04:42 [main] INFO  o.s.c.g.r.RouteDefinitionRouteLocator - Loaded RoutePredicateFactory [CloudFoundryRouteService]
2026-08-31 16:04:42 [main] INFO  o.s.c.n.e.c.DiscoveryClientOptionalArgsConfiguration - Eureka HTTP Client uses RestClient.
2026-08-31 16:04:42 [main] WARN  o.s.c.l.c.LoadBalancerCacheAutoConfiguration$LoadBalancerCaffeineWarnLogger - Spring Cloud LoadBalancer is currently working with the default cache. While this cache implementation is useful for development and tests, it's recommended to use Caffeine cache in production.You can switch to using Caffeine cache, by adding it and org.springframework.cache.caffeine.CaffeineCacheManager to the classpath.
2026-08-31 16:04:42 [main] INFO  o.s.c.n.eureka.InstanceInfoFactory - Setting initial instance status as: STARTING
2026-08-31 16:04:42 [main] INFO  c.netflix.discovery.DiscoveryClient - Initializing Eureka in region us-east-1
2026-08-31 16:04:42 [main] INFO  c.n.d.s.r.aws.ConfigClusterResolver - Resolving eureka endpoints via configuration
2026-08-31 16:04:42 [main] INFO  c.netflix.discovery.DiscoveryClient - Disable delta property : false
2026-08-31 16:04:42 [main] INFO  c.netflix.discovery.DiscoveryClient - Single vip registry refresh property : null
2026-08-31 16:04:42 [main] INFO  c.netflix.discovery.DiscoveryClient - Force full registry fetch : false
2026-08-31 16:04:42 [main] INFO  c.netflix.discovery.DiscoveryClient - Application is null : false
2026-08-31 16:04:42 [main] INFO  c.netflix.discovery.DiscoveryClient - Registered Applications size is zero : true
2026-08-31 16:04:42 [main] INFO  c.netflix.discovery.DiscoveryClient - Application version is -1: true
2026-08-31 16:04:42 [main] INFO  c.netflix.discovery.DiscoveryClient - Getting all instance registry info from the eureka server
2026-08-31 16:04:43 [main] INFO  c.netflix.discovery.DiscoveryClient - The response status is 200
2026-08-31 16:04:43 [main] INFO  c.netflix.discovery.DiscoveryClient - Starting heartbeat executor: renew interval is: 30
2026-08-31 16:04:43 [main] INFO  c.n.discovery.InstanceInfoReplicator - InstanceInfoReplicator onDemand update allowed rate per min is 4
2026-08-31 16:04:43 [main] INFO  c.netflix.discovery.DiscoveryClient - Discovery Client initialized at timestamp 1788172483115 with initial instances count: 2
2026-08-31 16:04:43 [main] INFO  o.s.c.n.e.s.EurekaServiceRegistry - Registering application APIGATEWAY-SERVICE with eureka with status UP
2026-08-31 16:04:43 [main] INFO  c.netflix.discovery.DiscoveryClient - Saw local status change event StatusChangeEvent [timestamp=1788172483127, current=UP, previous=STARTING]
2026-08-31 16:04:43 [DiscoveryClient-InstanceInfoReplicator-%d] INFO  c.netflix.discovery.DiscoveryClient - DiscoveryClient_APIGATEWAY-SERVICE/LAPTOP-SLK250VN:apigateway-service:9090: registering service...
2026-08-31 16:04:43 [DiscoveryClient-InstanceInfoReplicator-%d] INFO  c.netflix.discovery.DiscoveryClient - DiscoveryClient_APIGATEWAY-SERVICE/LAPTOP-SLK250VN:apigateway-service:9090 - registration status: 204
2026-08-31 16:04:43 [main] INFO  o.s.b.reactor.netty.NettyWebServer - Netty started on port 9090 (http)
2026-08-31 16:04:43 [main] INFO  o.s.c.n.e.s.EurekaAutoServiceRegistration - Updating port to 9090
2026-08-31 16:04:43 [main] INFO  c.a.ApigatewayServiceApplication - Started ApigatewayServiceApplication in 5.983 seconds (process running for 6.93)
2026-08-31 16:04:43 [main] INFO  c.a.ApigatewayServiceApplication - API Gateway started successfully
