2026-08-31 16:02:13 [restartedMain] INFO  c.e.EurekaServerApplication - Starting EurekaServerApplication using Java 21.0.1 with PID 21204 (D:\microservices\microservice-learning\eureka-server\target\classes started by DINESH in D:\microservices\microservice-learning)
2026-08-31 16:02:13 [restartedMain] INFO  c.e.EurekaServerApplication - No active profile set, falling back to 1 default profile: "default"
2026-08-31 16:02:13 [restartedMain] INFO  o.s.b.d.e.DevToolsPropertyDefaultsPostProcessor - Devtools property defaults active! Set 'spring.devtools.add-properties' to 'false' to disable
2026-08-31 16:02:13 [restartedMain] INFO  o.s.b.d.e.DevToolsPropertyDefaultsPostProcessor - For additional web related logging consider setting the 'logging.level.web' property to 'DEBUG'
2026-08-31 16:02:14 [restartedMain] INFO  o.s.cloud.context.scope.GenericScope - BeanFactory id=ced305d6-c534-328a-b5cc-c32954bb979b
2026-08-31 16:02:14 [restartedMain] INFO  o.s.boot.tomcat.TomcatWebServer - Tomcat initialized with port 8761 (http)
2026-08-31 16:02:14 [restartedMain] INFO  o.a.catalina.core.StandardService - Starting service [Tomcat]
2026-08-31 16:02:14 [restartedMain] INFO  o.a.catalina.core.StandardEngine - Starting Servlet engine: [Apache Tomcat/11.0.22]
2026-08-31 16:02:15 [restartedMain] INFO  o.s.b.w.c.s.WebApplicationContextInitializer - Root WebApplicationContext: initialization completed in 1630 ms
2026-08-31 16:02:16 [restartedMain] INFO  c.n.d.p.DiscoveryJerseyProvider - Using JSON encoding codec LegacyJacksonJson
2026-08-31 16:02:16 [restartedMain] INFO  c.n.d.p.DiscoveryJerseyProvider - Using JSON decoding codec LegacyJacksonJson
2026-08-31 16:02:16 [restartedMain] INFO  c.n.d.p.DiscoveryJerseyProvider - Using XML encoding codec XStreamXml
2026-08-31 16:02:16 [restartedMain] INFO  c.n.d.p.DiscoveryJerseyProvider - Using XML decoding codec XStreamXml
2026-08-31 16:02:16 [restartedMain] INFO  o.s.v.b.OptionalValidatorFactoryBean - Failed to set up a Bean Validation provider: jakarta.validation.NoProviderFoundException: Unable to create a Configuration, because no Jakarta Validation provider could be found. Add a provider like Hibernate Validator (RI) to your classpath.
2026-08-31 16:02:17 [restartedMain] WARN  o.s.c.l.c.LoadBalancerCacheAutoConfiguration$LoadBalancerCaffeineWarnLogger - Spring Cloud LoadBalancer is currently working with the default cache. While this cache implementation is useful for development and tests, it's recommended to use Caffeine cache in production.You can switch to using Caffeine cache, by adding it and org.springframework.cache.caffeine.CaffeineCacheManager to the classpath.
2026-08-31 16:02:17 [restartedMain] INFO  o.s.c.n.eureka.InstanceInfoFactory - Setting initial instance status as: STARTING
2026-08-31 16:02:17 [restartedMain] INFO  c.netflix.discovery.DiscoveryClient - Initializing Eureka in region us-east-1
2026-08-31 16:02:17 [restartedMain] INFO  c.netflix.discovery.DiscoveryClient - Client configured to neither register nor query for data.
2026-08-31 16:02:17 [restartedMain] INFO  c.netflix.discovery.DiscoveryClient - Discovery Client initialized at timestamp 1788172337219 with initial instances count: 0
2026-08-31 16:02:17 [restartedMain] INFO  c.n.e.DefaultEurekaServerContext - Initializing ...
2026-08-31 16:02:17 [restartedMain] INFO  c.n.eureka.cluster.PeerEurekaNodes - Adding new peer nodes [http://localhost:8761/eureka/]
2026-08-31 16:02:17 [restartedMain] INFO  c.n.d.p.DiscoveryJerseyProvider - Using JSON encoding codec LegacyJacksonJson
2026-08-31 16:02:17 [restartedMain] INFO  c.n.d.p.DiscoveryJerseyProvider - Using JSON decoding codec LegacyJacksonJson
2026-08-31 16:02:17 [restartedMain] INFO  c.n.d.p.DiscoveryJerseyProvider - Using XML encoding codec XStreamXml
2026-08-31 16:02:17 [restartedMain] INFO  c.n.d.p.DiscoveryJerseyProvider - Using XML decoding codec XStreamXml
2026-08-31 16:02:17 [restartedMain] INFO  c.n.eureka.cluster.PeerEurekaNodes - Replica node URL:  http://localhost:8761/eureka/
2026-08-31 16:02:17 [restartedMain] INFO  c.n.e.r.AbstractInstanceRegistry - Finished initializing remote region registries. All known remote regions: []
2026-08-31 16:02:17 [restartedMain] INFO  c.n.e.DefaultEurekaServerContext - Initialized
2026-08-31 16:02:17 [restartedMain] INFO  o.s.b.a.e.web.EndpointLinksResolver - Exposing 1 endpoint beneath base path '/actuator'
2026-08-31 16:02:17 [restartedMain] INFO  o.s.c.n.e.s.EurekaServiceRegistry - Registering application EUREKA-SERVER with eureka with status UP
2026-08-31 16:02:17 [Thread-13] INFO  o.s.c.n.e.s.EurekaServerBootstrap - isAws returned false
2026-08-31 16:02:17 [Thread-13] INFO  o.s.c.n.e.s.EurekaServerBootstrap - Initialized server context
2026-08-31 16:02:17 [Thread-13] INFO  c.n.e.r.PeerAwareInstanceRegistryImpl - Got 1 instances from neighboring DS node
2026-08-31 16:02:17 [Thread-13] INFO  c.n.e.r.PeerAwareInstanceRegistryImpl - Renew threshold is: 1
2026-08-31 16:02:17 [Thread-13] INFO  c.n.e.r.PeerAwareInstanceRegistryImpl - Changing status to UP
2026-08-31 16:02:17 [Thread-13] INFO  o.s.c.n.e.s.EurekaServerInitializerConfiguration - Started Eureka Server
2026-08-31 16:02:17 [restartedMain] INFO  o.s.boot.tomcat.TomcatWebServer - Tomcat started on port 8761 (http) with context path '/'
2026-08-31 16:02:17 [restartedMain] INFO  o.s.c.n.e.s.EurekaAutoServiceRegistration - Updating port to 8761
2026-08-31 16:02:17 [restartedMain] INFO  c.e.EurekaServerApplication - Started EurekaServerApplication in 4.927 seconds (process running for 6.232)
2026-08-31 16:02:17 [restartedMain] INFO  c.e.EurekaServerApplication - Eureka Server application started successfully
2026-08-31 16:02:31 [http-nio-8761-exec-1] INFO  o.a.c.c.C.[Tomcat].[localhost].[/] - Initializing Spring DispatcherServlet 'dispatcherServlet'
2026-08-31 16:02:31 [http-nio-8761-exec-1] INFO  o.s.web.servlet.DispatcherServlet - Initializing Servlet 'dispatcherServlet'
2026-08-31 16:02:31 [http-nio-8761-exec-1] INFO  o.s.web.servlet.DispatcherServlet - Completed initialization in 3 ms
